
> sonara-industries-platform@0.1.0 test
> pnpm --dir frontend run test --run --reporter=verbose

node.exe : $ tsx --test tests/*.test.mjs "--run" "--reporter=verbose"
At line:1 char:1
+ & "C:\Program Files\nodejs/node.exe" "C:\Program Files\nodejs/node_mo ...
+ ~~~~~~~~~~~~~~~~~~~~~~~~~~~~~~~~~~~~~~~~~~~~~~~~~~~~~~~~~~~~~~~~~~~~~
    + CategoryInfo          : NotSpecified: ($ tsx --test te...porter=verbose":String) [], RemoteException
    + FullyQualifiedErrorId : NativeCommandError
 
Γ£ö brand governance validates trademark usage and permissions (0.8201ms)
Γ£ö public source and docs avoid blocked private names and registered SONARA marks (27.0825ms)
Γ£ö genre universe and arrangement core support all-genre launch guidance (0.5421ms)
Γ£ö lyric structure and explicit language controls are deterministic (0.5355ms)
Γ£ö generation history supports snapshots, same-data regeneration, restore, and comparison (1.1912ms)
Γ£ö passkey readiness warns safely and blocks unsafe biometric storage claims (0.2174ms)
Γ£ö sound discovery classifier and redistribution rules block unsafe exports (0.6506ms)
Γ£ö vector memory is optional and stores records without embeddings (0.2509ms)
Γ£ö runtime, prompt length, and slider engines run without OpenAI (0.5228ms)
Γ£ö authentic writer returns reporting questions and avoids fake biography dumping (0.2166ms)
Γ£ö autonomy, activation, conversion, retention, founder, store, and billing rules are safe (6.1299ms)
Γ£ö malformed Supabase placeholders do not count as configured (0.3423ms)
Γ£ö generated local-rules analysis includes launch output systems (3.4045ms)
Γ£ö deployment config is valid and cron route exists (0.5181ms)
Γä╣ tests 14
Γä╣ suites 0
Γä╣ pass 14
Γä╣ fail 0
Γä╣ cancelled 0
Γä╣ skipped 0
Γä╣ todo 0
Γä╣ duration_ms 1419.4443
